../Core/Src/mpu6050.cpp:13:1:mpu6050::mpu6050()	16	static
../Core/Src/mpu6050.cpp:24:9:uint8_t mpu6050::MPU6050_Init(I2C_HandleTypeDef*)	40	static
../Core/Src/mpu6050.cpp:57:6:void mpu6050::MPU6050_Read_Accel(I2C_HandleTypeDef*, MPU6050_t*)	48	static
../Core/Src/mpu6050.cpp:78:6:void mpu6050::MPU6050_Read_Gyro(I2C_HandleTypeDef*, MPU6050_t*)	48	static
../Core/Src/mpu6050.cpp:102:6:void mpu6050::MPU6050_Read_Temp(I2C_HandleTypeDef*, MPU6050_t*)	48	static
D:\STM32CUBEIDE\STM32CubeIDE_1.14.1\STM32CubeIDE\plugins\com.st.stm32cube.ide.mcu.externaltools.gnu-tools-for-stm32.11.3.rel1.win32_1.1.100.202309141235\tools\bin/../lib/gcc/arm-none-eabi/11.3.1/../../../../arm-none-eabi/include/c++/11.3.1/cmath:475:5:constexpr typename __gnu_cxx::__enable_if<std::__is_integer<_Tp>::__value, double>::__type std::sqrt(_Tp) [with _Tp = int]	16	static
D:\STM32CUBEIDE\STM32CubeIDE_1.14.1\STM32CubeIDE\plugins\com.st.stm32cube.ide.mcu.externaltools.gnu-tools-for-stm32.11.3.rel1.win32_1.1.100.202309141235\tools\bin/../lib/gcc/arm-none-eabi/11.3.1/../../../../arm-none-eabi/include/c++/11.3.1/cmath:155:5:constexpr typename __gnu_cxx::__promote_2<_Tp, _Up>::__type std::atan2(_Tp, _Up) [with _Tp = int; _Up = short int]	24	static
../Core/Src/mpu6050.cpp:117:6:void mpu6050::MPU6050_Read_All(I2C_HandleTypeDef*, MPU6050_t*)	120	static
../Core/Src/mpu6050.cpp:183:8:double mpu6050::Kalman_getAngle(Kalman_t*, double, double, double)	88	static
../Core/Src/mpu6050.cpp:236:13:void __static_initialization_and_destruction_0(int, int)	16	static
../Core/Src/mpu6050.cpp:236:13:cpp)	8	static
